d:\proiecte ase&sisc\temaatp\section16 challenge-polymorphism\section1.c143dc36\x64\debug\vc143.pdb
d:\proiecte ase&sisc\temaatp\section16 challenge-polymorphism\section1.c143dc36\x64\debug\vc143.idb
d:\proiecte ase&sisc\temaatp\section16 challenge-polymorphism\section1.c143dc36\x64\debug\trust_account.obj
d:\proiecte ase&sisc\temaatp\section16 challenge-polymorphism\section1.c143dc36\x64\debug\source.obj
d:\proiecte ase&sisc\temaatp\section16 challenge-polymorphism\section1.c143dc36\x64\debug\savings_account.obj
d:\proiecte ase&sisc\temaatp\section16 challenge-polymorphism\section1.c143dc36\x64\debug\i_printable.obj
d:\proiecte ase&sisc\temaatp\section16 challenge-polymorphism\section1.c143dc36\x64\debug\checking_account.obj
d:\proiecte ase&sisc\temaatp\section16 challenge-polymorphism\section1.c143dc36\x64\debug\account_utility.obj
d:\proiecte ase&sisc\temaatp\section16 challenge-polymorphism\section1.c143dc36\x64\debug\account.obj
d:\proiecte ase&sisc\temaatp\section16 challenge-polymorphism\x64\debug\section16 challenge-polymorphism.exe
d:\proiecte ase&sisc\temaatp\section16 challenge-polymorphism\x64\debug\section16 challenge-polymorphism.pdb
d:\proiecte ase&sisc\temaatp\section16 challenge-polymorphism\section1.c143dc36\x64\debug\section16 challenge-polymorphism.ilk
d:\proiecte ase&sisc\temaatp\section16 challenge-polymorphism\section1.c143dc36\x64\debug\section1.c143dc36.tlog\cl.command.1.tlog
d:\proiecte ase&sisc\temaatp\section16 challenge-polymorphism\section1.c143dc36\x64\debug\section1.c143dc36.tlog\cl.items.tlog
d:\proiecte ase&sisc\temaatp\section16 challenge-polymorphism\section1.c143dc36\x64\debug\section1.c143dc36.tlog\cl.read.1.tlog
d:\proiecte ase&sisc\temaatp\section16 challenge-polymorphism\section1.c143dc36\x64\debug\section1.c143dc36.tlog\cl.write.1.tlog
d:\proiecte ase&sisc\temaatp\section16 challenge-polymorphism\section1.c143dc36\x64\debug\section1.c143dc36.tlog\link.command.1.tlog
d:\proiecte ase&sisc\temaatp\section16 challenge-polymorphism\section1.c143dc36\x64\debug\section1.c143dc36.tlog\link.read.1.tlog
d:\proiecte ase&sisc\temaatp\section16 challenge-polymorphism\section1.c143dc36\x64\debug\section1.c143dc36.tlog\link.secondary.1.tlog
d:\proiecte ase&sisc\temaatp\section16 challenge-polymorphism\section1.c143dc36\x64\debug\section1.c143dc36.tlog\link.write.1.tlog
